[    1302ms] [INFO] %cDownload the React DevTools for a better development experience: https://reactjs.org/link/react-devtools font-weight:bold @ webpack-internal:///(app-pages-browser)/./node_modules/next/dist/compiled/react-dom/cjs/react-dom.development.js:38559
[   82206ms] [LOG] [Fast Refresh] rebuilding @ webpack-internal:///(app-pages-browser)/./node_modules/next/dist/client/components/react-dev-overlay/app/hot-reloader-client.js:186
[   83044ms] [LOG] [Fast Refresh] rebuilding @ webpack-internal:///(app-pages-browser)/./node_modules/next/dist/client/components/react-dev-overlay/app/hot-reloader-client.js:186
[   83068ms] [LOG] [Fast Refresh] done in 25ms @ webpack-internal:///(app-pages-browser)/./node_modules/next/dist/client/components/react-dev-overlay/app/hot-reloader-client.js:43
[   84252ms] [LOG] [Fast Refresh] rebuilding @ webpack-internal:///(app-pages-browser)/./node_modules/next/dist/client/components/react-dev-overlay/app/hot-reloader-client.js:186
[   84276ms] [LOG] [Fast Refresh] done in 25ms @ webpack-internal:///(app-pages-browser)/./node_modules/next/dist/client/components/react-dev-overlay/app/hot-reloader-client.js:43
[   85470ms] [LOG] [Fast Refresh] done in 1219ms @ webpack-internal:///(app-pages-browser)/./node_modules/next/dist/client/components/react-dev-overlay/app/hot-reloader-client.js:43
[   86226ms] [LOG] [Fast Refresh] rebuilding @ webpack-internal:///(app-pages-browser)/./node_modules/next/dist/client/components/react-dev-overlay/app/hot-reloader-client.js:186
[   87138ms] [ERROR] ./src/app/app/settings/page.tsx
Error: 
  × Expected ',', got ':'
     ╭─[D:\Personal-AI\apps\web\src\app\app\settings\page.tsx:516:1]
 516 │ }
 517 │ 
 518 │ function applyPreview(
 519 │   setAccount: setAccountState: (user: SessionUser) => void,
     ·                              ─
 520 │   setProfileState: (profile: AiProfile) => void,
 521 │   setPersonalityState: (personality: Personality) => void,
 521 │   setSaved: (draft: PersonalityDraft) => void,
     ╰────

Caused by:
    Syntax Error

Import trace for requested module:
./src/app/app/settings/page.tsx @ webpack-internal:///(app-pages-browser)/./node_modules/next/dist/client/app-index.js:32
[   87582ms] [LOG] [Fast Refresh] done in 1356ms @ webpack-internal:///(app-pages-browser)/./node_modules/next/dist/client/components/react-dev-overlay/app/hot-reloader-client.js:43
[   87746ms] [ERROR] ./src/app/app/settings/page.tsx
Error: 
  × Expected ',', got ':'
     ╭─[D:\Personal-AI\apps\web\src\app\app\settings\page.tsx:516:1]
 516 │ }
 517 │ 
 518 │ function applyPreview(
 519 │   setAccount: setAccountState: (user: SessionUser) => void,
     ·                              ─
 520 │   setProfileState: (profile: AiProfile) => void,
 521 │   setPersonalityState: (personality: Personality) => void,
 521 │   setSaved: (draft: PersonalityDraft) => void,
     ╰────

Caused by:
    Syntax Error

Import trace for requested module:
./src/app/app/settings/page.tsx @ webpack-internal:///(app-pages-browser)/./node_modules/next/dist/client/app-index.js:32
[   99314ms] [LOG] [Fast Refresh] done in 13089ms @ webpack-internal:///(app-pages-browser)/./node_modules/next/dist/client/components/react-dev-overlay/app/hot-reloader-client.js:43
[  100560ms] [ERROR] ./src/app/app/settings/page.tsx
Error: 
  × Expected ',', got ':'
     ╭─[D:\Personal-AI\apps\web\src\app\app\settings\page.tsx:516:1]
 516 │ }
 517 │ 
 518 │ function applyPreview(
 519 │   setAccount: setAccountState: (user: SessionUser) => void,
     ·                              ─
 520 │   setProfileState: (profile: AiProfile) => void,
 521 │   setPersonalityState: (personality: Personality) => void,
 521 │   setSaved: (draft: PersonalityDraft) => void,
     ╰────

Caused by:
    Syntax Error

Import trace for requested module:
./src/app/app/settings/page.tsx @ webpack-internal:///(app-pages-browser)/./node_modules/next/dist/client/app-index.js:32
[  102207ms] [ERROR] Failed to load resource: the server responded with a status of 500 (Internal Server Error) @ http://localhost:3000/sign-in?next=%2Fapp%2Fsettings&_rsc=97mdm:0
[  102843ms] [LOG] [Fast Refresh] rebuilding @ webpack-internal:///(app-pages-browser)/./node_modules/next/dist/client/components/react-dev-overlay/app/hot-reloader-client.js:186
[  102909ms] [LOG] [Fast Refresh] done in 67ms @ webpack-internal:///(app-pages-browser)/./node_modules/next/dist/client/components/react-dev-overlay/app/hot-reloader-client.js:43
[  104914ms] [LOG] [Fast Refresh] rebuilding @ webpack-internal:///(app-pages-browser)/./node_modules/next/dist/client/components/react-dev-overlay/app/hot-reloader-client.js:186
[  104975ms] [LOG] [Fast Refresh] done in 61ms @ webpack-internal:///(app-pages-browser)/./node_modules/next/dist/client/components/react-dev-overlay/app/hot-reloader-client.js:43
[  105382ms] [ERROR] Failed to load resource: the server responded with a status of 500 (Internal Server Error) @ http://localhost:3000/sign-in?next=%2Fapp%2Fsettings&_rsc=97mdm:0
[  107819ms] [INFO] %cDownload the React DevTools for a better development experience: https://reactjs.org/link/react-devtools font-weight:bold @ webpack-internal:///(app-pages-browser)/./node_modules/next/dist/compiled/react-dom/cjs/react-dom.development.js:38559
[  110856ms] [LOG] [Fast Refresh] rebuilding @ webpack-internal:///(app-pages-browser)/./node_modules/next/dist/client/components/react-dev-overlay/app/hot-reloader-client.js:186
[  111960ms] [LOG] [Fast Refresh] done in 1105ms @ webpack-internal:///(app-pages-browser)/./node_modules/next/dist/client/components/react-dev-overlay/app/hot-reloader-client.js:43
